2025-07-28 11:15:22 [warn] Authentication failed: No token provided | meta: {"method":"GET","url":"/api/auth/me"}
2025-07-28 11:15:49 [info] Login attempt for email: favourson@gbfng.org
2025-07-28 11:15:49 [warn] Login failed - invalid password: favourson@gbfng.org
2025-07-28 11:15:49 [error] Login error | meta: {"email":"favourson@gbfng.org","error":"Invalid credentials"}
2025-07-28 11:15:49 [error] Login failed | meta: {"ip":"::1","error":{},"origin":"HTTP:localhost:5000","userAgent":"Mozilla/5.0 (Windows NT 10.0; Win64; x64) AppleWebKit/537.36 (KHTML, like Gecko) Chrome/138.0.0.0 Safari/537.36","durationMs":497.0672}
2025-07-28 11:15:50 [error] ❌ Error Handler Triggered Invalid credentials | meta: {"statusCode":500,"method":"POST","url":"/api/auth/login","stack":"Error: Invalid credentials\n    at Object.login (C:\\projects\\webprojects\\gbf_test\\services\\authService.js:27:13)\n    at async login (C:\\projects\\webprojects\\gbf_test\\controllers\\authController.js:13:19)","user":null}
2025-07-28 11:15:55 [info] Login attempt for email: favourson@gbfng.org
2025-07-28 11:15:55 [info] Login successful for user ID: 683966d8f6428aa8b04c9243
2025-07-28 11:15:55 [info] User logged in | meta: {"ip":"::1","email":"favourson@gbfng.org","origin":"HTTP:localhost:5000","userAgent":"Mozilla/5.0 (Windows NT 10.0; Win64; x64) AppleWebKit/537.36 (KHTML, like Gecko) Chrome/138.0.0.0 Safari/537.36","durationMs":356.5528}
2025-07-28 11:15:55 [info] Token verified successfully | meta: {"userId":"683966d8f6428aa8b04c9243","isAdmin":true}
2025-07-28 11:16:00 [info] Token verified successfully | meta: {"userId":"683966d8f6428aa8b04c9243","isAdmin":true}
2025-07-28 11:16:00 [info] Token verified successfully | meta: {"userId":"683966d8f6428aa8b04c9243","isAdmin":true}
2025-07-28 11:16:07 [info] Token verified successfully | meta: {"userId":"683966d8f6428aa8b04c9243","isAdmin":true}
2025-07-28 11:16:07 [info] Token verified successfully | meta: {"userId":"683966d8f6428aa8b04c9243","isAdmin":true}
2025-07-28 11:16:08 [info] Token verified successfully | meta: {"userId":"683966d8f6428aa8b04c9243","isAdmin":true}
2025-07-28 11:16:08 [info] Token verified successfully | meta: {"userId":"683966d8f6428aa8b04c9243","isAdmin":true}
2025-07-28 11:16:38 [info] Token verified successfully | meta: {"userId":"683966d8f6428aa8b04c9243","isAdmin":true}
2025-07-28 11:16:39 [info] Token verified successfully | meta: {"userId":"683966d8f6428aa8b04c9243","isAdmin":true}
2025-07-28 11:16:49 [info] Token verified successfully | meta: {"userId":"683966d8f6428aa8b04c9243","isAdmin":true}
2025-07-28 11:16:50 [info] Token verified successfully | meta: {"userId":"683966d8f6428aa8b04c9243","isAdmin":true}
2025-07-28 11:17:11 [info] Token verified successfully | meta: {"userId":"683966d8f6428aa8b04c9243","isAdmin":true}
2025-07-28 11:17:17 [info] Token verified successfully | meta: {"userId":"683966d8f6428aa8b04c9243","isAdmin":true}
2025-07-28 11:17:17 [info] Token verified successfully | meta: {"userId":"683966d8f6428aa8b04c9243","isAdmin":true}
2025-07-28 11:17:17 [info] Token verified successfully | meta: {"userId":"683966d8f6428aa8b04c9243","isAdmin":true}
2025-07-28 11:17:18 [info] Token verified successfully | meta: {"userId":"683966d8f6428aa8b04c9243","isAdmin":true}
2025-07-28 11:20:36 [info] Token verified successfully | meta: {"userId":"683966d8f6428aa8b04c9243","isAdmin":true}
2025-07-28 11:20:42 [info] Token verified successfully | meta: {"userId":"683966d8f6428aa8b04c9243","isAdmin":true}
2025-07-28 11:20:42 [info] Token verified successfully | meta: {"userId":"683966d8f6428aa8b04c9243","isAdmin":true}
2025-07-28 11:20:43 [info] Token verified successfully | meta: {"userId":"683966d8f6428aa8b04c9243","isAdmin":true}
2025-07-28 11:20:43 [info] Token verified successfully | meta: {"userId":"683966d8f6428aa8b04c9243","isAdmin":true}
2025-07-28 11:20:52 [info] Token verified successfully | meta: {"userId":"683966d8f6428aa8b04c9243","isAdmin":true}
2025-07-28 11:21:31 [info] Token verified successfully | meta: {"userId":"683966d8f6428aa8b04c9243","isAdmin":true}
2025-07-28 11:22:49 [info] Token verified successfully | meta: {"userId":"683966d8f6428aa8b04c9243","isAdmin":true}
2025-07-28 11:22:50 [info] Token verified successfully | meta: {"userId":"683966d8f6428aa8b04c9243","isAdmin":true}
2025-07-28 11:22:55 [info] Token verified successfully | meta: {"userId":"683966d8f6428aa8b04c9243","isAdmin":true}
2025-07-28 11:22:55 [info] Token verified successfully | meta: {"userId":"683966d8f6428aa8b04c9243","isAdmin":true}
2025-07-28 11:23:03 [info] Token verified successfully | meta: {"userId":"683966d8f6428aa8b04c9243","isAdmin":true}
2025-07-28 11:23:03 [info] Checking role for user: is_admin=true
2025-07-28 11:23:03 [info] Fetching all employees | meta: {"ip":"::1","userId":"683966d8f6428aa8b04c9243","origin":"HTTP:localhost:5000"}
2025-07-28 11:23:03 [info] Fetched all employees
2025-07-28 11:23:03 [info] Fetched 5 employees | meta: {"ip":"::1","userId":"683966d8f6428aa8b04c9243","origin":"HTTP:localhost:5000"}
2025-07-28 11:23:04 [info] Token verified successfully | meta: {"userId":"683966d8f6428aa8b04c9243","isAdmin":true}
2025-07-28 11:23:04 [info] Checking role for user: is_admin=true
2025-07-28 11:23:04 [info] Fetching all employees | meta: {"ip":"::1","userId":"683966d8f6428aa8b04c9243","origin":"HTTP:localhost:5000"}
2025-07-28 11:23:04 [info] Fetched all employees
2025-07-28 11:23:04 [info] Fetched 5 employees | meta: {"ip":"::1","userId":"683966d8f6428aa8b04c9243","origin":"HTTP:localhost:5000"}
2025-07-28 11:23:09 [info] Token verified successfully | meta: {"userId":"683966d8f6428aa8b04c9243","isAdmin":true}
2025-07-28 11:23:10 [info] Token verified successfully | meta: {"userId":"683966d8f6428aa8b04c9243","isAdmin":true}
2025-07-28 11:23:13 [info] Token verified successfully | meta: {"userId":"683966d8f6428aa8b04c9243","isAdmin":true}
2025-07-28 11:23:13 [info] Token verified successfully | meta: {"userId":"683966d8f6428aa8b04c9243","isAdmin":true}
2025-07-28 11:27:33 [warn] Authentication failed: No token provided | meta: {"method":"GET","url":"/api/auth/me"}
2025-07-28 11:27:51 [info] Login attempt for email: favourson@gbfng.org
2025-07-28 11:28:21 [error] Login error | meta: {"email":"favourson@gbfng.org","error":"getaddrinfo ENOTFOUND ac-1t14wh4-shard-00-00.xdzrevo.mongodb.net"}
2025-07-28 11:28:21 [error] Login failed | meta: {"ip":"::1","error":{"errorLabelSet":{},"reason":{"type":"ReplicaSetNoPrimary","servers":{"ac-1t14wh4-shard-00-00.xdzrevo.mongodb.net:27017":{"address":"ac-1t14wh4-shard-00-00.xdzrevo.mongodb.net:27017","type":"Unknown","hosts":[],"passives":[],"arbiters":[],"tags":{},"minWireVersion":0,"maxWireVersion":0,"roundTripTime":-1,"minRoundTripTime":0,"lastUpdateTime":176215080,"lastWriteDate":0,"error":{"errorLabelSet":{},"beforeHandshake":false},"topologyVersion":null,"setName":null,"setVersion":null,"electionId":null,"logicalSessionTimeoutMinutes":null,"maxMessageSizeBytes":null,"maxWriteBatchSize":null,"maxBsonObjectSize":null,"primary":null,"me":null,"$clusterTime":null,"iscryptd":false},"ac-1t14wh4-shard-00-02.xdzrevo.mongodb.net:27017":{"address":"ac-1t14wh4-shard-00-02.xdzrevo.mongodb.net:27017","type":"Unknown","hosts":[],"passives":[],"arbiters":[],"tags":{},"minWireVersion":0,"maxWireVersion":0,"roundTripTime":-1,"minRoundTripTime":0,"lastUpdateTime":176215139,"lastWriteDate":0,"error":{"errorLabelSet":{},"beforeHandshake":false},"topologyVersion":null,"setName":null,"setVersion":null,"electionId":null,"logicalSessionTimeoutMinutes":null,"maxMessageSizeBytes":null,"maxWriteBatchSize":null,"maxBsonObjectSize":null,"primary":null,"me":null,"$clusterTime":null,"iscryptd":false},"ac-1t14wh4-shard-00-01.xdzrevo.mongodb.net:27017":{"address":"ac-1t14wh4-shard-00-01.xdzrevo.mongodb.net:27017","type":"Unknown","hosts":[],"passives":[],"arbiters":[],"tags":{},"minWireVersion":0,"maxWireVersion":0,"roundTripTime":-1,"minRoundTripTime":0,"lastUpdateTime":176215045,"lastWriteDate":0,"error":{"errorLabelSet":{},"beforeHandshake":false},"topologyVersion":null,"setName":null,"setVersion":null,"electionId":null,"logicalSessionTimeoutMinutes":null,"maxMessageSizeBytes":null,"maxWriteBatchSize":null,"maxBsonObjectSize":null,"primary":null,"me":null,"$clusterTime":null,"iscryptd":false}},"stale":false,"compatible":true,"heartbeatFrequencyMS":10000,"localThresholdMS":15,"setName":"atlas-11kac7-shard-0","maxElectionId":{"$oid":"7fffffff0000000000000013"},"maxSetVersion":1,"commonWireVersion":0,"logicalSessionTimeoutMinutes":null}},"origin":"HTTP:localhost:5000","userAgent":"Mozilla/5.0 (Windows NT 10.0; Win64; x64) AppleWebKit/537.36 (KHTML, like Gecko) Chrome/138.0.0.0 Safari/537.36","durationMs":30049.1971}
2025-07-28 11:28:21 [error] ❌ Error Handler Triggered getaddrinfo ENOTFOUND ac-1t14wh4-shard-00-00.xdzrevo.mongodb.net | meta: {"statusCode":500,"method":"POST","url":"/api/auth/login","stack":"MongoServerSelectionError: getaddrinfo ENOTFOUND ac-1t14wh4-shard-00-00.xdzrevo.mongodb.net\n    at Topology.selectServer (C:\\projects\\webprojects\\gbf_test\\node_modules\\mongodb\\lib\\sdam\\topology.js:321:38)\n    at async tryOperation (C:\\projects\\webprojects\\gbf_test\\node_modules\\mongodb\\lib\\operations\\execute_operation.js:145:18)\n    at async executeOperation (C:\\projects\\webprojects\\gbf_test\\node_modules\\mongodb\\lib\\operations\\execute_operation.js:75:16)\n    at async FindCursor._initialize (C:\\projects\\webprojects\\gbf_test\\node_modules\\mongodb\\lib\\cursor\\find_cursor.js:61:26)\n    at async FindCursor.cursorInit (C:\\projects\\webprojects\\gbf_test\\node_modules\\mongodb\\lib\\cursor\\abstract_cursor.js:633:27)\n    at async FindCursor.fetchBatch (C:\\projects\\webprojects\\gbf_test\\node_modules\\mongodb\\lib\\cursor\\abstract_cursor.js:667:13)\n    at async FindCursor.next (C:\\projects\\webprojects\\gbf_test\\node_modules\\mongodb\\lib\\cursor\\abstract_cursor.js:347:17)\n    at async Collection.findOne (C:\\projects\\webprojects\\gbf_test\\node_modules\\mongodb\\lib\\collection.js:277:21)\n    at async model.Query._findOne (C:\\projects\\webprojects\\gbf_test\\node_modules\\mongoose\\lib\\query.js:2661:15)\n    at async model.Query.exec (C:\\projects\\webprojects\\gbf_test\\node_modules\\mongoose\\lib\\query.js:4548:63)","user":null}
2025-07-28 11:28:24 [info] Token verified successfully | meta: {"userId":"683966d8f6428aa8b04c9243","isAdmin":true}
2025-07-28 11:28:24 [info] Token verified successfully | meta: {"userId":"683966d8f6428aa8b04c9243","isAdmin":true}
2025-07-28 11:28:38 [info] Login attempt for email: favourson@gbfng.org
2025-07-28 11:28:38 [warn] Login failed - invalid password: favourson@gbfng.org
2025-07-28 11:28:38 [error] Login error | meta: {"email":"favourson@gbfng.org","error":"Invalid credentials"}
2025-07-28 11:28:38 [error] Login failed | meta: {"ip":"::1","error":{},"origin":"HTTP:localhost:5000","userAgent":"Mozilla/5.0 (Windows NT 10.0; Win64; x64) AppleWebKit/537.36 (KHTML, like Gecko) Chrome/138.0.0.0 Safari/537.36","durationMs":237.8305}
2025-07-28 11:28:38 [error] ❌ Error Handler Triggered Invalid credentials | meta: {"statusCode":500,"method":"POST","url":"/api/auth/login","stack":"Error: Invalid credentials\n    at Object.login (C:\\projects\\webprojects\\gbf_test\\services\\authService.js:27:13)\n    at async login (C:\\projects\\webprojects\\gbf_test\\controllers\\authController.js:13:19)","user":null}
2025-07-28 11:28:42 [info] Login attempt for email: favourson@gbfng.org
2025-07-28 11:28:42 [info] Login successful for user ID: 683966d8f6428aa8b04c9243
2025-07-28 11:28:42 [info] User logged in | meta: {"ip":"::1","email":"favourson@gbfng.org","origin":"HTTP:localhost:5000","userAgent":"Mozilla/5.0 (Windows NT 10.0; Win64; x64) AppleWebKit/537.36 (KHTML, like Gecko) Chrome/138.0.0.0 Safari/537.36","durationMs":243.9876}
2025-07-28 11:28:43 [info] Token verified successfully | meta: {"userId":"683966d8f6428aa8b04c9243","isAdmin":true}
2025-07-28 11:28:43 [info] Token verified successfully | meta: {"userId":"683966d8f6428aa8b04c9243","isAdmin":true}
2025-07-28 11:28:44 [info] Token verified successfully | meta: {"userId":"683966d8f6428aa8b04c9243","isAdmin":true}
2025-07-28 11:28:50 [info] Token verified successfully | meta: {"userId":"683966d8f6428aa8b04c9243","isAdmin":true}
2025-07-28 11:28:50 [info] Token verified successfully | meta: {"userId":"683966d8f6428aa8b04c9243","isAdmin":true}
2025-07-28 11:28:50 [info] Token verified successfully | meta: {"userId":"683966d8f6428aa8b04c9243","isAdmin":true}
2025-07-28 11:28:51 [info] Token verified successfully | meta: {"userId":"683966d8f6428aa8b04c9243","isAdmin":true}
2025-07-28 11:29:03 [info] Token verified successfully | meta: {"userId":"683966d8f6428aa8b04c9243","isAdmin":true}
2025-07-28 11:29:03 [info] Checking role for user: is_admin=true
2025-07-28 11:29:03 [info] Fetching all employees | meta: {"ip":"::1","userId":"683966d8f6428aa8b04c9243","origin":"HTTP:localhost:5000"}
2025-07-28 11:29:03 [info] Fetched all employees
2025-07-28 11:29:03 [info] Fetched 5 employees | meta: {"ip":"::1","userId":"683966d8f6428aa8b04c9243","origin":"HTTP:localhost:5000"}
2025-07-28 11:29:03 [info] Token verified successfully | meta: {"userId":"683966d8f6428aa8b04c9243","isAdmin":true}
2025-07-28 11:29:03 [info] Checking role for user: is_admin=true
2025-07-28 11:29:03 [info] Fetching all employees | meta: {"ip":"::1","userId":"683966d8f6428aa8b04c9243","origin":"HTTP:localhost:5000"}
2025-07-28 11:29:04 [info] Fetched all employees
2025-07-28 11:29:04 [info] Fetched 5 employees | meta: {"ip":"::1","userId":"683966d8f6428aa8b04c9243","origin":"HTTP:localhost:5000"}
2025-07-28 11:29:07 [info] Token verified successfully | meta: {"userId":"683966d8f6428aa8b04c9243","isAdmin":true}
2025-07-28 11:29:07 [info] Token verified successfully | meta: {"userId":"683966d8f6428aa8b04c9243","isAdmin":true}
2025-07-28 11:29:21 [info] Token verified successfully | meta: {"userId":"683966d8f6428aa8b04c9243","isAdmin":true}
2025-07-28 11:29:21 [info] Token verified successfully | meta: {"userId":"683966d8f6428aa8b04c9243","isAdmin":true}
